
# DATE: 2017-09-18 UNITS: metal CONTRIBUTOR: Chi Chen <chc273@eng.ucsd.edu> CITATION: C. Chen, Z. Deng, R. Tran, H. Tang, I.-H. Chu, S. P. Ong, "Accurate force field for molybdenum by machine learning large materials data" Physical Review Materials 1, 04 3603 (2017)
# Generated by Materials Virtual Lab
# Definition of SNAP potential.
pair_style snap
pair_coeff * * Mo_Chen_PRM2017.snapcoeff Mo_Chen_PRM2017.snapparam Mo

