# DATE: 2020-01-31 UNITS: metal CONTRIBUTOR: Yunxing Zuo <y9zuo@eng.ucsd.edu> CITATION: Y. Zuo, C. Chen, X, Li, Z. Deng, Y. Chen, J. Behler, G. Cs√°nyi, A. V. Shapeev, A. P. Thompson, M. A. Wood, S. P. Ong, "Performance and Cost Assessment of Machine Learning Interatomic Potentials" J. Phys. Chem. A 124, 4, 731-745 (2020)
# Generated by Materials Virtual Lab

pair_style snap
pair_coeff * * Si_Zuo_JPCA2020.quadratic.snapcoeff Si_Zuo_JPCA2020.quadratic.snapparam Si
